▲ Next.js 16.2.4 (Turbopack)

  Creating an optimized production build ...
✓ Compiled successfully in 1337ms
  Running TypeScript ...
  Finished TypeScript in 73ms ...
  Collecting page data using 21 workers ...
  Generating static pages using 21 workers (0/17) ...
  Generating static pages using 21 workers (4/17) 
  Generating static pages using 21 workers (8/17) 
  Generating static pages using 21 workers (12/17) 
✓ Generating static pages using 21 workers (17/17) in 307ms
  Finalizing page optimization ...

Route (app)
┌ ○ /
├ ○ /_not-found
├ ƒ /api/clockcrew/users
├ ƒ /api/clockcrew/users/[username]
├ ƒ /api/discord/channels
├ ƒ /api/discord/members
├ ƒ /api/discord/messages
├ ƒ /api/discord/stream
├ ƒ /api/newgrounds/card/[username]
├ ƒ /api/newgrounds/portal
├ ƒ /api/newgrounds/portal/clocks
├ ƒ /api/newgrounds/portal/years
├ ƒ /api/tenor/oembed
├ ○ /clocks
├ ƒ /clocks/[username]
├ ○ /history
├ ○ /icon.png
├ ○ /robots.txt
└ ○ /sitemap.xml


○  (Static)   prerendered as static content
ƒ  (Dynamic)  server-rendered on demand

